ItemDTO[name=Staff of power, description=super powerful, weight=8.0, quantity=1]